 
****************************************
Report : resources
Design : FSM_MSDAP
Version: L-2016.03-SP3
Date   : Mon Dec  6 01:11:32 2021
****************************************

Resource Sharing Report for design FSM_MSDAP in file
        /home/012/l/la/laa170930/ECS_6360/DCFinal/src/FSM_MSDAP.v

===============================================================================
|          |              |            | Contained     |                      |
| Resource | Module       | Parameters | Resources     | Contained Operations |
===============================================================================
| r88      | DW01_cmp2    | width=4    |               | gte_207              |
| r90      | DW01_inc     | width=4    |               | add_234              |
| r92      | DW01_inc     | width=32   |               | add_293              |
===============================================================================


Implementation Report
===============================================================================
|                    |                  | Current            | Set            |
| Cell               | Module           | Implementation     | Implementation |
===============================================================================
| add_293            | DW01_inc         | rpl                |                |
===============================================================================

1
